mode: atomic
github.com/jaquiteme/container-engine-actions-runner-controller/server/config.go:19.36,28.30 2 6
github.com/jaquiteme/container-engine-actions-runner-controller/server/config.go:28.30,30.3 1 1
github.com/jaquiteme/container-engine-actions-runner-controller/server/config.go:31.2,33.36 2 5
github.com/jaquiteme/container-engine-actions-runner-controller/server/config.go:33.36,35.3 1 1
github.com/jaquiteme/container-engine-actions-runner-controller/server/config.go:37.2,37.37 1 4
github.com/jaquiteme/container-engine-actions-runner-controller/server/config.go:37.37,39.3 1 1
github.com/jaquiteme/container-engine-actions-runner-controller/server/config.go:41.2,41.28 1 3
github.com/jaquiteme/container-engine-actions-runner-controller/server/config.go:41.28,43.3 1 1
github.com/jaquiteme/container-engine-actions-runner-controller/server/config.go:45.2,45.18 1 2
github.com/jaquiteme/container-engine-actions-runner-controller/server/main.go:30.45,31.62 1 0
github.com/jaquiteme/container-engine-actions-runner-controller/server/main.go:31.62,33.3 1 0
github.com/jaquiteme/container-engine-actions-runner-controller/server/main.go:34.2,34.59 1 0
github.com/jaquiteme/container-engine-actions-runner-controller/server/main.go:34.59,36.3 1 0
github.com/jaquiteme/container-engine-actions-runner-controller/server/main.go:37.2,37.71 1 0
github.com/jaquiteme/container-engine-actions-runner-controller/server/main.go:41.48,42.22 1 4
github.com/jaquiteme/container-engine-actions-runner-controller/server/main.go:42.22,44.3 1 2
github.com/jaquiteme/container-engine-actions-runner-controller/server/main.go:45.2,45.20 1 2
github.com/jaquiteme/container-engine-actions-runner-controller/server/main.go:49.47,50.20 1 3
github.com/jaquiteme/container-engine-actions-runner-controller/server/main.go:50.20,52.53 2 2
github.com/jaquiteme/container-engine-actions-runner-controller/server/main.go:52.53,54.4 1 1
github.com/jaquiteme/container-engine-actions-runner-controller/server/main.go:55.3,55.26 1 2
github.com/jaquiteme/container-engine-actions-runner-controller/server/main.go:57.2,57.31 1 1
github.com/jaquiteme/container-engine-actions-runner-controller/server/main.go:61.106,63.56 2 0
github.com/jaquiteme/container-engine-actions-runner-controller/server/main.go:63.56,65.3 1 0
github.com/jaquiteme/container-engine-actions-runner-controller/server/main.go:67.2,68.12 2 0
github.com/jaquiteme/container-engine-actions-runner-controller/server/main.go:68.12,69.26 1 0
github.com/jaquiteme/container-engine-actions-runner-controller/server/main.go:69.26,71.26 2 0
github.com/jaquiteme/container-engine-actions-runner-controller/server/main.go:71.26,74.23 2 0
github.com/jaquiteme/container-engine-actions-runner-controller/server/main.go:74.23,76.6 1 0
github.com/jaquiteme/container-engine-actions-runner-controller/server/main.go:77.5,77.27 1 0
github.com/jaquiteme/container-engine-actions-runner-controller/server/main.go:82.2,82.12 1 0
github.com/jaquiteme/container-engine-actions-runner-controller/server/main.go:86.89,88.16 2 0
github.com/jaquiteme/container-engine-actions-runner-controller/server/main.go:88.16,90.3 1 0
github.com/jaquiteme/container-engine-actions-runner-controller/server/main.go:92.2,92.64 1 0
github.com/jaquiteme/container-engine-actions-runner-controller/server/main.go:92.64,94.3 1 0
github.com/jaquiteme/container-engine-actions-runner-controller/server/main.go:95.2,96.12 2 0
github.com/jaquiteme/container-engine-actions-runner-controller/server/main.go:100.66,104.16 4 0
github.com/jaquiteme/container-engine-actions-runner-controller/server/main.go:104.16,106.3 1 0
github.com/jaquiteme/container-engine-actions-runner-controller/server/main.go:107.2,107.20 1 0
github.com/jaquiteme/container-engine-actions-runner-controller/server/main.go:112.104,128.16 3 0
github.com/jaquiteme/container-engine-actions-runner-controller/server/main.go:128.16,130.3 1 0
github.com/jaquiteme/container-engine-actions-runner-controller/server/main.go:131.2,131.23 1 0
github.com/jaquiteme/container-engine-actions-runner-controller/server/main.go:136.70,137.51 1 0
github.com/jaquiteme/container-engine-actions-runner-controller/server/main.go:137.51,139.17 2 0
github.com/jaquiteme/container-engine-actions-runner-controller/server/main.go:139.17,142.4 2 0
github.com/jaquiteme/container-engine-actions-runner-controller/server/main.go:143.3,143.21 1 0
github.com/jaquiteme/container-engine-actions-runner-controller/server/main.go:143.21,146.4 2 0
github.com/jaquiteme/container-engine-actions-runner-controller/server/main.go:147.3,148.96 2 0
github.com/jaquiteme/container-engine-actions-runner-controller/server/main.go:148.96,150.4 1 0
github.com/jaquiteme/container-engine-actions-runner-controller/server/main.go:155.74,160.2 4 9
github.com/jaquiteme/container-engine-actions-runner-controller/server/main.go:173.24,174.37 1 0
github.com/jaquiteme/container-engine-actions-runner-controller/server/main.go:174.37,175.79 1 0
github.com/jaquiteme/container-engine-actions-runner-controller/server/main.go:175.79,177.4 1 0
github.com/jaquiteme/container-engine-actions-runner-controller/server/main.go:182.50,184.16 2 1
github.com/jaquiteme/container-engine-actions-runner-controller/server/main.go:184.16,187.3 2 0
github.com/jaquiteme/container-engine-actions-runner-controller/server/main.go:189.2,189.9 1 1
github.com/jaquiteme/container-engine-actions-runner-controller/server/main.go:198.6,199.62 1 1
github.com/jaquiteme/container-engine-actions-runner-controller/server/main.go:200.10,201.74 1 0
github.com/jaquiteme/container-engine-actions-runner-controller/server/main.go:206.87,207.54 1 6
github.com/jaquiteme/container-engine-actions-runner-controller/server/main.go:207.54,211.3 3 1
github.com/jaquiteme/container-engine-actions-runner-controller/server/main.go:213.2,214.16 2 5
github.com/jaquiteme/container-engine-actions-runner-controller/server/main.go:214.16,217.3 2 0
github.com/jaquiteme/container-engine-actions-runner-controller/server/main.go:218.2,223.21 4 5
github.com/jaquiteme/container-engine-actions-runner-controller/server/main.go:223.21,226.3 2 1
github.com/jaquiteme/container-engine-actions-runner-controller/server/main.go:227.2,227.48 1 4
github.com/jaquiteme/container-engine-actions-runner-controller/server/main.go:227.48,230.3 2 1
github.com/jaquiteme/container-engine-actions-runner-controller/server/main.go:232.2,233.53 2 3
github.com/jaquiteme/container-engine-actions-runner-controller/server/main.go:233.53,236.3 2 1
github.com/jaquiteme/container-engine-actions-runner-controller/server/main.go:238.2,238.30 1 2
github.com/jaquiteme/container-engine-actions-runner-controller/server/main.go:238.30,242.3 3 1
github.com/jaquiteme/container-engine-actions-runner-controller/server/main.go:244.2,248.23 4 1
github.com/jaquiteme/container-engine-actions-runner-controller/server/main.go:253.57,256.27 3 7
github.com/jaquiteme/container-engine-actions-runner-controller/server/main.go:256.27,258.3 1 4
github.com/jaquiteme/container-engine-actions-runner-controller/server/main.go:259.2,259.22 1 3
github.com/jaquiteme/container-engine-actions-runner-controller/server/main.go:264.72,269.42 3 0
github.com/jaquiteme/container-engine-actions-runner-controller/server/main.go:269.42,272.3 2 0
github.com/jaquiteme/container-engine-actions-runner-controller/server/main.go:274.2,277.45 1 0
github.com/jaquiteme/container-engine-actions-runner-controller/server/main.go:277.45,279.3 1 0
github.com/jaquiteme/container-engine-actions-runner-controller/server/main.go:281.2,282.12 2 0
github.com/jaquiteme/container-engine-actions-runner-controller/server/main.go:285.13,289.16 3 0
github.com/jaquiteme/container-engine-actions-runner-controller/server/main.go:289.16,291.3 1 0
github.com/jaquiteme/container-engine-actions-runner-controller/server/main.go:293.2,294.14 2 0
github.com/jaquiteme/container-engine-actions-runner-controller/server/main.go:294.14,296.3 1 0
github.com/jaquiteme/container-engine-actions-runner-controller/server/main.go:297.2,300.16 3 0
github.com/jaquiteme/container-engine-actions-runner-controller/server/main.go:300.16,302.3 1 0
github.com/jaquiteme/container-engine-actions-runner-controller/server/main.go:304.2,304.86 1 0
github.com/jaquiteme/container-engine-actions-runner-controller/server/main.go:304.86,306.3 1 0
github.com/jaquiteme/container-engine-actions-runner-controller/server/main.go:308.2,313.62 2 0
github.com/jaquiteme/container-engine-actions-runner-controller/server/main.go:313.62,315.3 1 0
github.com/jaquiteme/container-engine-actions-runner-controller/server/main.go:317.2,317.36 1 0
github.com/jaquiteme/container-engine-actions-runner-controller/server/main.go:317.36,319.3 1 0
github.com/jaquiteme/container-engine-actions-runner-controller/server/main.go:321.2,321.101 1 0
github.com/jaquiteme/container-engine-actions-runner-controller/server/main.go:321.101,323.3 1 0
github.com/jaquiteme/container-engine-actions-runner-controller/server/main.go:325.2,325.29 1 0
github.com/jaquiteme/container-engine-actions-runner-controller/server/main.go:325.29,326.64 1 0
github.com/jaquiteme/container-engine-actions-runner-controller/server/main.go:326.64,328.4 1 0
github.com/jaquiteme/container-engine-actions-runner-controller/server/main.go:328.9,330.4 1 0
github.com/jaquiteme/container-engine-actions-runner-controller/server/main.go:333.2,344.12 6 0
github.com/jaquiteme/container-engine-actions-runner-controller/server/main.go:344.12,349.54 5 0
github.com/jaquiteme/container-engine-actions-runner-controller/server/main.go:349.54,351.4 1 0
github.com/jaquiteme/container-engine-actions-runner-controller/server/main.go:354.2,355.79 2 0
github.com/jaquiteme/container-engine-actions-runner-controller/server/main.go:355.79,357.3 1 0
github.com/jaquiteme/container-engine-actions-runner-controller/server/utils.go:39.122,40.20 1 0
github.com/jaquiteme/container-engine-actions-runner-controller/server/utils.go:40.20,42.3 1 0
github.com/jaquiteme/container-engine-actions-runner-controller/server/utils.go:43.2,43.23 1 0
github.com/jaquiteme/container-engine-actions-runner-controller/server/utils.go:43.23,45.3 1 0
github.com/jaquiteme/container-engine-actions-runner-controller/server/utils.go:47.2,53.16 5 0
github.com/jaquiteme/container-engine-actions-runner-controller/server/utils.go:53.16,55.3 1 0
github.com/jaquiteme/container-engine-actions-runner-controller/server/utils.go:56.2,61.16 5 0
github.com/jaquiteme/container-engine-actions-runner-controller/server/utils.go:61.16,63.3 1 0
github.com/jaquiteme/container-engine-actions-runner-controller/server/utils.go:64.2,67.16 3 0
github.com/jaquiteme/container-engine-actions-runner-controller/server/utils.go:67.16,69.3 1 0
github.com/jaquiteme/container-engine-actions-runner-controller/server/utils.go:71.2,71.42 1 0
github.com/jaquiteme/container-engine-actions-runner-controller/server/utils.go:71.42,73.3 1 0
github.com/jaquiteme/container-engine-actions-runner-controller/server/utils.go:75.2,76.56 2 0
github.com/jaquiteme/container-engine-actions-runner-controller/server/utils.go:76.56,78.3 1 0
github.com/jaquiteme/container-engine-actions-runner-controller/server/utils.go:80.2,81.16 2 0
github.com/jaquiteme/container-engine-actions-runner-controller/server/utils.go:81.16,83.3 1 0
github.com/jaquiteme/container-engine-actions-runner-controller/server/utils.go:85.2,88.8 1 0
github.com/jaquiteme/container-engine-actions-runner-controller/server/utils.go:92.76,97.20 4 6
github.com/jaquiteme/container-engine-actions-runner-controller/server/utils.go:97.20,99.3 1 1
github.com/jaquiteme/container-engine-actions-runner-controller/server/utils.go:101.2,101.76 1 6
github.com/jaquiteme/container-engine-actions-runner-controller/server/utils.go:101.76,103.17 2 4
github.com/jaquiteme/container-engine-actions-runner-controller/server/utils.go:103.17,105.4 1 1
github.com/jaquiteme/container-engine-actions-runner-controller/server/utils.go:106.3,108.26 3 3
github.com/jaquiteme/container-engine-actions-runner-controller/server/utils.go:111.2,111.28 1 2
